2020-03-01 19:19:46 INFO  Log:10 - Browser açılıyor...
2020-03-01 19:32:32 INFO  Log:10 - Browser açılıyor...
2020-03-01 21:03:20 INFO  Log:10 - Browser açılıyor...
2020-03-01 21:03:53 INFO  Log:10 - Browser açılıyor...
2020-03-01 21:16:44 INFO  Log:10 - Browser açılıyor...
2020-03-01 21:38:06 INFO  Log:10 - Browser açılıyor...
2020-03-01 21:38:27 INFO  Log:10 - Browser açılıyor...
2020-03-01 21:38:53 INFO  Log:10 - Browser açılıyor...
2020-03-01 21:39:20 INFO  Log:10 - Browser açılıyor...
2020-03-01 21:40:02 INFO  Log:10 - Browser açılıyor...
2020-03-01 21:40:37 INFO  Log:10 - Browser açılıyor...
2020-03-01 21:41:04 INFO  Log:10 - Browser açılıyor...
2020-03-01 21:41:51 INFO  Log:10 - Browser açılıyor...
2020-03-01 21:43:45 INFO  Log:10 - Browser açılıyor...
2020-03-01 21:44:30 INFO  Log:10 - Browser açılıyor...
2020-03-01 21:47:03 INFO  Log:10 - Browser açılıyor...
2020-03-01 21:48:00 INFO  Log:10 - Browser açılıyor...
2020-03-01 21:50:25 INFO  Log:10 - Browser açılıyor...
2020-03-01 21:50:41 INFO  Log:10 - Browser açılıyor...
2020-03-01 21:51:16 INFO  Log:10 - Browser açılıyor...
2020-03-01 21:51:48 INFO  Log:10 - Browser açılıyor...
2020-03-01 21:52:22 INFO  Log:10 - Browser açılıyor...
2020-03-01 21:53:01 INFO  Log:10 - Browser açılıyor...
2020-03-01 22:34:14 INFO  Log:10 - Browser açılıyor...
2020-03-01 22:39:42 INFO  Log:10 - Browser açılıyor...
2020-03-01 22:42:01 INFO  Log:10 - Browser açılıyor...
2020-03-01 22:42:40 INFO  Log:10 - Browser açılıyor...
2020-03-01 22:51:07 INFO  Log:10 - Browser açılıyor...
2020-03-01 22:53:32 INFO  Log:10 - Browser açılıyor...
2020-03-01 22:53:58 INFO  Log:10 - Browser açılıyor...
2020-03-01 22:55:15 INFO  Log:10 - Browser açılıyor...
2020-03-01 23:01:31 INFO  Log:10 - Browser açılıyor...
2020-03-01 23:03:38 INFO  Log:10 - Browser açılıyor...
2020-03-01 23:06:13 INFO  Log:10 - Browser açılıyor...
2020-03-01 23:06:55 INFO  Log:10 - Browser açılıyor...
2020-03-01 23:18:08 INFO  Log:10 - Browser açılıyor...
2020-03-01 23:22:05 INFO  Log:10 - Browser açılıyor...
2020-03-01 23:24:22 INFO  Log:10 - Browser açılıyor...
2020-03-01 23:25:59 INFO  Log:10 - Browser açılıyor...
2020-03-01 23:26:26 INFO  Log:10 - Browser açılıyor...
2020-03-01 23:26:49 INFO  Log:10 - Browser açılıyor...
2020-03-01 23:27:31 INFO  Log:10 - Browser açılıyor...
2020-03-01 23:28:36 INFO  Log:10 - Browser açılıyor...
2020-03-01 23:30:23 INFO  Log:10 - Browser açılıyor...
2020-03-01 23:31:16 INFO  Log:10 - Browser açılıyor...
2020-03-01 23:32:03 INFO  Log:10 - Browser açılıyor...
2020-03-01 23:34:50 INFO  Log:10 - Browser açılıyor...
2020-03-01 23:36:50 INFO  Log:10 - Browser açılıyor...
2020-03-01 23:38:42 INFO  Log:10 - Browser açılıyor...
2020-03-01 23:41:40 INFO  Log:10 - Browser açılıyor...
2020-03-01 23:46:44 INFO  Log:10 - Browser açılıyor...
2020-03-01 23:47:58 INFO  Log:10 - Browser açılıyor...
2020-03-01 23:48:24 INFO  Log:10 - Browser açılıyor...
2020-03-01 23:48:33 INFO  Log:10 - Browser açılıyor...
2020-03-01 23:49:24 INFO  Log:10 - Browser açılıyor...
2020-03-02 00:05:56 INFO  Log:10 - Browser açılıyor...
2020-03-02 19:56:22 INFO  Log:10 - Browser açılıyor...
2020-03-03 12:53:48 INFO  Log:10 - Browser açılıyor...
2020-03-03 12:54:32 INFO  Log:10 - Browser açılıyor...
2020-03-03 12:55:06 INFO  Log:10 - Browser açılıyor...
2020-03-03 13:01:24 INFO  Log:10 - Browser açılıyor...
2020-03-03 13:01:52 INFO  Log:10 - Browser açılıyor...
2020-03-03 13:03:46 INFO  Log:10 - Browser açılıyor...
2020-03-03 13:04:00 INFO  Log:10 - Browser açılıyor...
2020-03-03 13:04:25 INFO  Log:10 - Browser açılıyor...
2020-03-03 13:04:30 INFO  Log:10 - Butik resimleri kontrol ediliyor...
2020-03-03 13:04:30 INFO  Log:10 - Butik resimleri kontrol ediliyor...
2020-03-03 13:04:30 INFO  Log:10 - Butik resimleri kontrol ediliyor...
2020-03-03 13:04:30 INFO  Log:10 - Butik resimleri kontrol ediliyor...
2020-03-03 13:04:30 INFO  Log:10 - Butik resimleri kontrol ediliyor...
2020-03-03 13:04:31 INFO  Log:10 - Butik resimleri kontrol ediliyor...
2020-03-03 13:04:31 INFO  Log:10 - Butik resimleri kontrol ediliyor...
2020-03-03 13:04:31 INFO  Log:10 - Butik resimleri kontrol ediliyor...
2020-03-03 13:04:32 INFO  Log:10 - Butik resimleri kontrol ediliyor...
2020-03-03 13:04:32 INFO  Log:10 - Butik resimleri kontrol ediliyor...
2020-03-03 13:04:32 INFO  Log:10 - Butik resimleri kontrol ediliyor...
2020-03-03 13:04:32 INFO  Log:10 - Butik resimleri kontrol ediliyor...
2020-03-03 13:04:33 INFO  Log:10 - Butik resimleri kontrol ediliyor...
2020-03-03 13:04:33 INFO  Log:10 - Butik resimleri kontrol ediliyor...
2020-03-03 13:04:33 INFO  Log:10 - Butik resimleri kontrol ediliyor...
2020-03-03 13:04:33 INFO  Log:10 - Butik resimleri kontrol ediliyor...
2020-03-03 13:04:34 INFO  Log:10 - Butik resimleri kontrol ediliyor...
2020-03-03 13:04:34 INFO  Log:10 - Butik resimleri kontrol ediliyor...
2020-03-03 13:04:34 INFO  Log:10 - Butik resimleri kontrol ediliyor...
2020-03-03 13:04:37 INFO  Log:10 - Browser açılıyor...
2020-03-03 13:04:41 INFO  Log:10 - Butik resimleri kontrol ediliyor...
2020-03-03 13:04:41 INFO  Log:10 - Butik resimleri kontrol ediliyor...
2020-03-03 13:04:41 INFO  Log:10 - Butik resimleri kontrol ediliyor...
2020-03-03 13:04:41 INFO  Log:10 - Butik resimleri kontrol ediliyor...
2020-03-03 13:04:41 INFO  Log:10 - Butik resimleri kontrol ediliyor...
2020-03-03 13:04:42 INFO  Log:10 - Butik resimleri kontrol ediliyor...
2020-03-03 13:04:42 INFO  Log:10 - Butik resimleri kontrol ediliyor...
2020-03-03 13:04:42 INFO  Log:10 - Butik resimleri kontrol ediliyor...
2020-03-03 13:04:43 INFO  Log:10 - Butik resimleri kontrol ediliyor...
2020-03-03 13:04:43 INFO  Log:10 - Butik resimleri kontrol ediliyor...
2020-03-03 13:04:43 INFO  Log:10 - Butik resimleri kontrol ediliyor...
2020-03-03 13:04:43 INFO  Log:10 - Butik resimleri kontrol ediliyor...
2020-03-03 13:04:44 INFO  Log:10 - Butik resimleri kontrol ediliyor...
2020-03-03 13:04:44 INFO  Log:10 - Butik resimleri kontrol ediliyor...
2020-03-03 13:04:44 INFO  Log:10 - Butik resimleri kontrol ediliyor...
2020-03-03 13:04:44 INFO  Log:10 - Butik resimleri kontrol ediliyor...
2020-03-03 13:04:45 INFO  Log:10 - Butik resimleri kontrol ediliyor...
2020-03-03 13:04:45 INFO  Log:10 - Butik resimleri kontrol ediliyor...
2020-03-03 13:04:45 INFO  Log:10 - Butik resimleri kontrol ediliyor...
2020-03-03 13:04:49 INFO  Log:10 - Browser açılıyor...
2020-03-03 13:04:53 INFO  Log:10 - Butik resimleri kontrol ediliyor...
2020-03-03 13:04:53 INFO  Log:10 - Butik resimleri kontrol ediliyor...
2020-03-03 13:04:53 INFO  Log:10 - Butik resimleri kontrol ediliyor...
2020-03-03 13:04:53 INFO  Log:10 - Butik resimleri kontrol ediliyor...
2020-03-03 13:04:53 INFO  Log:10 - Butik resimleri kontrol ediliyor...
2020-03-03 13:04:54 INFO  Log:10 - Butik resimleri kontrol ediliyor...
2020-03-03 13:04:54 INFO  Log:10 - Butik resimleri kontrol ediliyor...
2020-03-03 13:04:54 INFO  Log:10 - Butik resimleri kontrol ediliyor...
2020-03-03 13:04:55 INFO  Log:10 - Butik resimleri kontrol ediliyor...
2020-03-03 13:04:55 INFO  Log:10 - Butik resimleri kontrol ediliyor...
2020-03-03 13:04:55 INFO  Log:10 - Butik resimleri kontrol ediliyor...
2020-03-03 13:04:55 INFO  Log:10 - Butik resimleri kontrol ediliyor...
2020-03-03 13:04:56 INFO  Log:10 - Butik resimleri kontrol ediliyor...
2020-03-03 13:04:56 INFO  Log:10 - Butik resimleri kontrol ediliyor...
2020-03-03 13:04:56 INFO  Log:10 - Butik resimleri kontrol ediliyor...
2020-03-03 13:04:56 INFO  Log:10 - Butik resimleri kontrol ediliyor...
2020-03-03 13:04:57 INFO  Log:10 - Butik resimleri kontrol ediliyor...
2020-03-03 13:04:57 INFO  Log:10 - Butik resimleri kontrol ediliyor...
2020-03-03 13:04:57 INFO  Log:10 - Butik resimleri kontrol ediliyor...
2020-03-03 13:04:57 INFO  Log:10 - Butik resimleri kontrol ediliyor...
2020-03-03 13:05:01 INFO  Log:10 - Browser açılıyor...
2020-03-03 13:09:21 INFO  Log:10 - Browser açılıyor...
2020-03-03 13:09:24 INFO  Log:10 - Butik resimleri kontrol ediliyor...
2020-03-03 13:09:24 INFO  Log:10 - Butik resimleri kontrol ediliyor...
2020-03-03 13:09:24 INFO  Log:10 - Butik resimleri kontrol ediliyor...
2020-03-03 13:09:24 INFO  Log:10 - Butik resimleri kontrol ediliyor...
2020-03-03 13:09:24 INFO  Log:10 - Butik resimleri kontrol ediliyor...
2020-03-03 13:09:25 INFO  Log:10 - Butik resimleri kontrol ediliyor...
2020-03-03 13:09:25 INFO  Log:10 - Butik resimleri kontrol ediliyor...
2020-03-03 13:09:26 INFO  Log:10 - Butik resimleri kontrol ediliyor...
2020-03-03 13:09:26 INFO  Log:10 - Butik resimleri kontrol ediliyor...
2020-03-03 13:09:27 INFO  Log:10 - Butik resimleri kontrol ediliyor...
2020-03-03 13:09:27 INFO  Log:10 - Butik resimleri kontrol ediliyor...
2020-03-03 13:09:27 INFO  Log:10 - Butik resimleri kontrol ediliyor...
2020-03-03 13:09:28 INFO  Log:10 - Butik resimleri kontrol ediliyor...
2020-03-03 13:09:29 INFO  Log:10 - Butik resimleri kontrol ediliyor...
2020-03-03 13:09:29 INFO  Log:10 - Butik resimleri kontrol ediliyor...
2020-03-03 13:09:29 INFO  Log:10 - Butik resimleri kontrol ediliyor...
2020-03-03 13:09:30 INFO  Log:10 - Butik resimleri kontrol ediliyor...
2020-03-03 13:09:31 INFO  Log:10 - Butik resimleri kontrol ediliyor...
2020-03-03 13:09:31 INFO  Log:10 - Butik resimleri kontrol ediliyor...
2020-03-03 13:09:32 INFO  Log:10 - Butik resimleri kontrol ediliyor...
2020-03-03 13:09:33 INFO  Log:10 - Butik resimleri kontrol ediliyor...
2020-03-03 13:09:34 INFO  Log:10 - Butik resimleri kontrol ediliyor...
2020-03-03 13:09:35 INFO  Log:10 - Butik resimleri kontrol ediliyor...
2020-03-03 22:21:56 INFO  Log:10 - Browser açılıyor...
2020-03-03 22:30:28 INFO  Log:10 - Browser açılıyor...
2020-03-03 22:34:50 INFO  Log:10 - Browser açılıyor...
2020-03-03 22:35:04 INFO  Log:10 - Browser açılıyor...
2020-03-03 22:35:16 INFO  Log:10 - Butik resimleri kontrol ediliyor...
2020-03-03 22:35:19 INFO  Log:10 - Butik resimleri kontrol ediliyor...
2020-03-03 22:35:19 INFO  Log:10 - Butik resimleri kontrol ediliyor...
2020-03-03 22:35:19 INFO  Log:10 - Butik resimleri kontrol ediliyor...
2020-03-03 22:35:20 INFO  Log:10 - Butik resimleri kontrol ediliyor...
2020-03-03 22:35:20 INFO  Log:10 - Butik resimleri kontrol ediliyor...
2020-03-03 22:35:21 INFO  Log:10 - Butik resimleri kontrol ediliyor...
2020-03-03 22:35:21 INFO  Log:10 - Butik resimleri kontrol ediliyor...
2020-03-03 22:35:21 INFO  Log:10 - Butik resimleri kontrol ediliyor...
2020-03-03 22:35:22 INFO  Log:10 - Butik resimleri kontrol ediliyor...
2020-03-03 22:35:23 INFO  Log:10 - Butik resimleri kontrol ediliyor...
2020-03-03 22:35:24 INFO  Log:10 - Butik resimleri kontrol ediliyor...
2020-03-03 22:35:24 INFO  Log:10 - Butik resimleri kontrol ediliyor...
2020-03-03 22:35:24 INFO  Log:10 - Butik resimleri kontrol ediliyor...
2020-03-03 22:35:25 INFO  Log:10 - Butik resimleri kontrol ediliyor...
2020-03-03 22:35:25 INFO  Log:10 - Butik resimleri kontrol ediliyor...
2020-03-03 22:35:26 INFO  Log:10 - Butik resimleri kontrol ediliyor...
2020-03-03 22:35:27 INFO  Log:10 - Butik resimleri kontrol ediliyor...
2020-03-03 22:35:28 INFO  Log:10 - Butik resimleri kontrol ediliyor...
2020-03-03 22:35:37 INFO  Log:10 - Browser açılıyor...
2020-03-03 22:35:53 INFO  Log:10 - Browser açılıyor...
2020-03-03 22:36:04 INFO  Log:10 - Browser açılıyor...
